2025-07-02 06:31:31,709 INFO sqlalchemy.engine.Engine BEGIN (implicit)
2025-07-02 06:31:31,709 INFO sqlalchemy.engine.Engine PRAGMA main.table_info("user")
2025-07-02 06:31:31,710 INFO sqlalchemy.engine.Engine [raw sql] ()
2025-07-02 06:31:31,710 INFO sqlalchemy.engine.Engine PRAGMA main.table_info("room")
2025-07-02 06:31:31,710 INFO sqlalchemy.engine.Engine [raw sql] ()
2025-07-02 06:31:31,710 INFO sqlalchemy.engine.Engine PRAGMA main.table_info("question")
2025-07-02 06:31:31,710 INFO sqlalchemy.engine.Engine [raw sql] ()
2025-07-02 06:31:31,710 INFO sqlalchemy.engine.Engine PRAGMA main.table_info("response")
2025-07-02 06:31:31,710 INFO sqlalchemy.engine.Engine [raw sql] ()
2025-07-02 06:31:31,710 INFO sqlalchemy.engine.Engine PRAGMA main.table_info("score")
2025-07-02 06:31:31,711 INFO sqlalchemy.engine.Engine [raw sql] ()
2025-07-02 06:31:31,711 INFO sqlalchemy.engine.Engine PRAGMA main.table_info("matchhistory")
2025-07-02 06:31:31,711 INFO sqlalchemy.engine.Engine [raw sql] ()
2025-07-02 06:31:31,711 INFO sqlalchemy.engine.Engine COMMIT
INFO:     Started server process [29256]
INFO:     Waiting for application startup.
INFO:     Application startup complete.
INFO:     Uvicorn running on http://0.0.0.0:3001 (Press CTRL+C to quit)
INFO:     100.64.4.167:53374 - "HEAD /docs HTTP/1.1" 200 OK
INFO:     100.64.4.167:53348 - "HEAD /docs HTTP/1.1" 200 OK
INFO:     100.64.4.167:53362 - "HEAD /docs HTTP/1.1" 200 OK
INFO:     100.64.4.167:53380 - "HEAD /docs HTTP/1.1" 200 OK
INFO:     100.64.4.167:53404 - "HEAD /docs HTTP/1.1" 200 OK
INFO:     100.64.4.167:53388 - "HEAD /docs HTTP/1.1" 200 OK
INFO:     100.64.4.167:53410 - "GET /docs HTTP/1.1" 200 OK
INFO:     100.64.4.167:53422 - "GET /docs HTTP/1.1" 200 OK
INFO:     100.64.4.167:53424 - "GET /openapi.json HTTP/1.1" 200 OK
INFO:     100.64.4.167:53432 - "GET /openapi.json HTTP/1.1" 200 OK
INFO:     100.64.4.167:45186 - "POST /signup HTTP/1.1" 422 Unprocessable Entity
2025-07-02 06:35:31,773 INFO sqlalchemy.engine.Engine BEGIN (implicit)
2025-07-02 06:35:31,793 INFO sqlalchemy.engine.Engine SELECT user.id, user.username, user.email, user.hashed_password, user.created_at 
FROM user 
WHERE user.username = ?
2025-07-02 06:35:31,794 INFO sqlalchemy.engine.Engine [generated in 0.00025s] ('user1',)
2025-07-02 06:35:31,795 INFO sqlalchemy.engine.Engine SELECT user.id, user.username, user.email, user.hashed_password, user.created_at 
FROM user 
WHERE user.email = ?
2025-07-02 06:35:31,795 INFO sqlalchemy.engine.Engine [generated in 0.00016s] ('user1@example.com',)
(trapped) error reading bcrypt version
Traceback (most recent call last):
  File "/home/kavia/workspace/code-generation/triviaarena-94560-b75d1f92/quiz_realm_backend/venv/lib/python3.12/site-packages/passlib/handlers/bcrypt.py", line 620, in _load_backend_mixin
    version = _bcrypt.__about__.__version__
              ^^^^^^^^^^^^^^^^^
AttributeError: module 'bcrypt' has no attribute '__about__'
2025-07-02 06:35:32,094 INFO sqlalchemy.engine.Engine INSERT INTO user (username, email, hashed_password, created_at) VALUES (?, ?, ?, ?)
2025-07-02 06:35:32,094 INFO sqlalchemy.engine.Engine [generated in 0.00031s] ('user1', 'user1@example.com', '$2b$12$TN7NEzkhbUEH4PFeRIcOp.OPYyFtzFIgioZuQkTvmybzwc6.gk1T6', '2025-07-02 06:35:32.092624')
2025-07-02 06:35:32,095 INFO sqlalchemy.engine.Engine COMMIT
2025-07-02 06:35:32,115 INFO sqlalchemy.engine.Engine BEGIN (implicit)
2025-07-02 06:35:32,117 INFO sqlalchemy.engine.Engine SELECT user.id, user.username, user.email, user.hashed_password, user.created_at 
FROM user 
WHERE user.id = ?
2025-07-02 06:35:32,117 INFO sqlalchemy.engine.Engine [generated in 0.00017s] (1,)
2025-07-02 06:35:32,118 INFO sqlalchemy.engine.Engine ROLLBACK
INFO:     100.64.4.167:42552 - "POST /signup HTTP/1.1" 500 Internal Server Error
ERROR:    Exception in ASGI application
Traceback (most recent call last):
  File "/home/kavia/workspace/code-generation/triviaarena-94560-b75d1f92/quiz_realm_backend/venv/lib/python3.12/site-packages/uvicorn/protocols/http/httptools_impl.py", line 409, in run_asgi
    result = await app(  # type: ignore[func-returns-value]
             ^^^^^^^^^^^^^^^^^^^^^^^^^^^^^^^^^^^^^^^^^^^^^^
  File "/home/kavia/workspace/code-generation/triviaarena-94560-b75d1f92/quiz_realm_backend/venv/lib/python3.12/site-packages/uvicorn/middleware/proxy_headers.py", line 60, in __call__
    return await self.app(scope, receive, send)
           ^^^^^^^^^^^^^^^^^^^^^^^^^^^^^^^^^^^^
  File "/home/kavia/workspace/code-generation/triviaarena-94560-b75d1f92/quiz_realm_backend/venv/lib/python3.12/site-packages/fastapi/applications.py", line 1054, in __call__
    await super().__call__(scope, receive, send)
  File "/home/kavia/workspace/code-generation/triviaarena-94560-b75d1f92/quiz_realm_backend/venv/lib/python3.12/site-packages/starlette/applications.py", line 112, in __call__
    await self.middleware_stack(scope, receive, send)
  File "/home/kavia/workspace/code-generation/triviaarena-94560-b75d1f92/quiz_realm_backend/venv/lib/python3.12/site-packages/starlette/middleware/errors.py", line 187, in __call__
    raise exc
  File "/home/kavia/workspace/code-generation/triviaarena-94560-b75d1f92/quiz_realm_backend/venv/lib/python3.12/site-packages/starlette/middleware/errors.py", line 165, in __call__
    await self.app(scope, receive, _send)
  File "/home/kavia/workspace/code-generation/triviaarena-94560-b75d1f92/quiz_realm_backend/venv/lib/python3.12/site-packages/starlette/middleware/cors.py", line 93, in __call__
    await self.simple_response(scope, receive, send, request_headers=headers)
  File "/home/kavia/workspace/code-generation/triviaarena-94560-b75d1f92/quiz_realm_backend/venv/lib/python3.12/site-packages/starlette/middleware/cors.py", line 144, in simple_response
    await self.app(scope, receive, send)
  File "/home/kavia/workspace/code-generation/triviaarena-94560-b75d1f92/quiz_realm_backend/venv/lib/python3.12/site-packages/starlette/middleware/exceptions.py", line 62, in __call__
    await wrap_app_handling_exceptions(self.app, conn)(scope, receive, send)
  File "/home/kavia/workspace/code-generation/triviaarena-94560-b75d1f92/quiz_realm_backend/venv/lib/python3.12/site-packages/starlette/_exception_handler.py", line 53, in wrapped_app
    raise exc
  File "/home/kavia/workspace/code-generation/triviaarena-94560-b75d1f92/quiz_realm_backend/venv/lib/python3.12/site-packages/starlette/_exception_handler.py", line 42, in wrapped_app
    await app(scope, receive, sender)
  File "/home/kavia/workspace/code-generation/triviaarena-94560-b75d1f92/quiz_realm_backend/venv/lib/python3.12/site-packages/starlette/routing.py", line 714, in __call__
    await self.middleware_stack(scope, receive, send)
  File "/home/kavia/workspace/code-generation/triviaarena-94560-b75d1f92/quiz_realm_backend/venv/lib/python3.12/site-packages/starlette/routing.py", line 734, in app
    await route.handle(scope, receive, send)
  File "/home/kavia/workspace/code-generation/triviaarena-94560-b75d1f92/quiz_realm_backend/venv/lib/python3.12/site-packages/starlette/routing.py", line 288, in handle
    await self.app(scope, receive, send)
  File "/home/kavia/workspace/code-generation/triviaarena-94560-b75d1f92/quiz_realm_backend/venv/lib/python3.12/site-packages/starlette/routing.py", line 76, in app
    await wrap_app_handling_exceptions(app, request)(scope, receive, send)
  File "/home/kavia/workspace/code-generation/triviaarena-94560-b75d1f92/quiz_realm_backend/venv/lib/python3.12/site-packages/starlette/_exception_handler.py", line 53, in wrapped_app
    raise exc
  File "/home/kavia/workspace/code-generation/triviaarena-94560-b75d1f92/quiz_realm_backend/venv/lib/python3.12/site-packages/starlette/_exception_handler.py", line 42, in wrapped_app
    await app(scope, receive, sender)
  File "/home/kavia/workspace/code-generation/triviaarena-94560-b75d1f92/quiz_realm_backend/venv/lib/python3.12/site-packages/starlette/routing.py", line 73, in app
    response = await f(request)
               ^^^^^^^^^^^^^^^^
  File "/home/kavia/workspace/code-generation/triviaarena-94560-b75d1f92/quiz_realm_backend/venv/lib/python3.12/site-packages/fastapi/routing.py", line 301, in app
    raw_response = await run_endpoint_function(
                   ^^^^^^^^^^^^^^^^^^^^^^^^^^^^
  File "/home/kavia/workspace/code-generation/triviaarena-94560-b75d1f92/quiz_realm_backend/venv/lib/python3.12/site-packages/fastapi/routing.py", line 214, in run_endpoint_function
    return await run_in_threadpool(dependant.call, **values)
           ^^^^^^^^^^^^^^^^^^^^^^^^^^^^^^^^^^^^^^^^^^^^^^^^^
  File "/home/kavia/workspace/code-generation/triviaarena-94560-b75d1f92/quiz_realm_backend/venv/lib/python3.12/site-packages/starlette/concurrency.py", line 37, in run_in_threadpool
    return await anyio.to_thread.run_sync(func)
           ^^^^^^^^^^^^^^^^^^^^^^^^^^^^^^^^^^^^
  File "/home/kavia/workspace/code-generation/triviaarena-94560-b75d1f92/quiz_realm_backend/venv/lib/python3.12/site-packages/anyio/to_thread.py", line 56, in run_sync
    return await get_async_backend().run_sync_in_worker_thread(
           ^^^^^^^^^^^^^^^^^^^^^^^^^^^^^^^^^^^^^^^^^^^^^^^^^^^^
  File "/home/kavia/workspace/code-generation/triviaarena-94560-b75d1f92/quiz_realm_backend/venv/lib/python3.12/site-packages/anyio/_backends/_asyncio.py", line 2470, in run_sync_in_worker_thread
    return await future
           ^^^^^^^^^^^^
  File "/home/kavia/workspace/code-generation/triviaarena-94560-b75d1f92/quiz_realm_backend/venv/lib/python3.12/site-packages/anyio/_backends/_asyncio.py", line 967, in run
    result = context.run(func, *args)
             ^^^^^^^^^^^^^^^^^^^^^^^^
  File "/home/kavia/workspace/code-generation/triviaarena-94560-b75d1f92/quiz_realm_backend/src/api/auth.py", line 88, in signup
    return UserOut.model_validate(user)
           ^^^^^^^^^^^^^^^^^^^^^^^^^^^^
  File "/home/kavia/workspace/code-generation/triviaarena-94560-b75d1f92/quiz_realm_backend/venv/lib/python3.12/site-packages/pydantic/main.py", line 703, in model_validate
    return cls.__pydantic_validator__.validate_python(
           ^^^^^^^^^^^^^^^^^^^^^^^^^^^^^^^^^^^^^^^^^^^
pydantic_core._pydantic_core.ValidationError: 1 validation error for UserOut
  Input should be a valid dictionary or instance of UserOut [type=model_type, input_value=User(username='user1', ha...ail='user1@example.com'), input_type=User]
    For further information visit https://errors.pydantic.dev/2.11/v/model_type
